ets Jul 29 2019 12:21:46

rst:0x1 (POWERON_RESET),ï¿½ets Jul 29 2019 12:21:46

rst:0x1 (POWERON_RESET),boot:0x13 (SPI_FAST_FLASH_BOOT)
configsip: 0, SPIWP:0xee
clk_drv:0x00,q_drv:0x00,d_drv:0x00,cs0_drv:0x00,hd_drv:0x00,wp_drv:0x00
mode:DIO, clock div:1
load:0x3fff0030,len:7524
load:0x40078000,len:16552
load:0x40080400,len:4
load:0x40080404,len:4312
entry 0x4008065c
[0;32mI (29) boot: ESP-IDF v5.4-dev-790-gc7bbfaee25 2nd stage bootloader[0m
[0;32mI (29) boot: compile time Jun 19 2024 21:41:04[0m
[0;32mI (31) boot: Multicore bootloader[0m
[0;32mI (35) boot: chip revision: v3.1[0m
[0;32mI (39) qio_mode: Enabling default flash chip QIO[0m
[0;32mI (44) boot.esp32: SPI Speed      : 80MHz[0m
[0;32mI (49) boot.esp32: SPI Mode       : QIO[0m
[0;32mI (53) boot.esp32: SPI Flash Size : 4MB[0m
[0;32mI (58) boot: Enabling RNG early entropy source...[0m
[0;32mI (63) boot: Partition Table:[0m
[0;32mI (67) boot: ## Label            Usage          Type ST Offset   Length[0m
[0;32mI (74) boot:  0 nvs              WiFi data        01 02 00009000 00006000[0m
[0;32m   RF data          01 01 0000f000 00001000[0m
[0;32mI (89) b[0;32mI (215) esp_image: segment 1: paddr=00074fe4 vaddr=3ffb0000 size=023a0h (  9120) load[0m
[0;32mI (218) esp_image: segm00 size=08c8ch ( 35980) load[0m
[0;32mI (232) esp_image: segment 3: paddr=00080020 vaddr=400d0020 size=360b4h (221364) map[0[0;32mI (289) esp_image: segment 4: paddr=000b60dc vaddr=40088c8c size=07d38h ( 32056) load[0m
[0;32mI (307) boot: Loaded app from partition at offset 0x10000[0m
[0;32mI (308) boot: Disabling RNG early entropy source...[0m
[0;32mI (319) quad_psram: This chip is ESP32-D0WD[0m
[0;32mI (319) esp_psram: Found 8MB PSRAM device[0m
[0;32mI (319) esp_psram: Speed: 80MHz[0m
[0;32mI (321) esp_psram: PSRAM initialized, cache is in low/high (2-core) mode.[0m
[0;33mW (329) esp_psram: Virtual address not enough for PSRAM, map as much as we can. 4MB is mapped[0m
[0;32mI (338) cpu_start: Multicore app[0m
[0;32mI (809) esp_psram: SPI SRAM memory test OK[0m
[0;32mI (816) cpu_start: Pro cpu start user code[0m
[0;32mI (817) cpu_start: cpu freq: 240000000 Hz[0m
[0;32mI (817) app_init: Application information:[0m
[0;32mI (819) app_init: Project name:     person_detection[0m
[0;32mI (825) app_init: App version:      1[0m
[0;32mI (829) app_init: Compile time:     Jun 19 2024 21:40:55[0m
[0;32mI (835) app_init: ELF file SHA256:  77e02ddee...[0m
[0;32mI (841) app_init: ESP-IDF:          v5.4-dev-790-gc7bbfaee25[0m
[0;32mI (847) efuse_init: Min chip rev:     v0.0[0m
[0;32mI (852) efuse_init: Max chip rev:     v3.99 [0m
[0;32mI (857) efuse_init: Chip rev:         v3.1[0m
[0;32mI (862) heap_init: Initializing. RAM available for dynamic allocation:[0m
[0;32mI (869) heap_init: At 3FFAE6E0 len 00001920 (6 KiB): DRAM[0m
[0;32mI (875) heap_init: At 3FFB31B0 len 0002CE50 (179 KiB): DRAM[0m
[0;32mI (881) heap_inCB0 (111 KiB): D/IRAM[0m
[0;3I (894) heap_init: At 400909C4 len 0000F63C (61 KiB): IRAM[0m
[0;32mI (900) esp_psram: Adding pool of 4096K of PSRAM memory to heap allocator[0m
[0;32mI (908) spi_flash: detected chip: generic[0m
[0;32mI (912) spi_flash: flash io: qio[0m
[0;32mI (917) main_task: Started on CPU0[0m
[0;32mI (927) main_task: Calling app_main()[0m
[0;32mI (927) [esp_cli]: Registering command: mem-dump[0m
[0;32mI (927) [esp_cli]: Registering command: task-dump[0m
[0;32mI (927) [esp_cli]: Registering command: cpu-dump[0m
[0;32mI (937) [esp_cli]: Registering command: detect_image[0m
[5n
Type 'help' to get the list of commands.
Use UP/DOWN arrows to navigate through command history.
Press TAB when typing command name to auto-complete.

Your terminal application does not support escape sequences.

Line editing and history features are disabled.

On Windows, try using Putty instead.
esp> detect_image 0

Chihuahua score = 16%
Border Collie score = -15%
CuantizaciÃ³n de la imagen = 1023 ms
Response time = 1278
Total time = 373232 ms
Softmax time = 119 ms
FC time = 23863 ms
DC time = 0 ms
conv time = 335820 ms
Pooling time = 11520 ms
add time = 0 ms
mul time = 0 ms
Layers time 371322 ms
Meassure total time  373623 ms
CPI Total: inf
[0;32mI (5467) [esp_cli]: Time required for the inference is 397 ms[0m
esp> 